Archive member included because of file (symbol)

c:/devkitPro/libgba/lib\libgba.a(Compression.o)
                              main.o (LZ77UnCompVram)
c:/devkitPro/libgba/lib\libgba.a(fade.o)
                              main.o (FadeToPalette)
c:/devkitPro/libgba/lib\libgba.a(interrupt.o)
                              main.o (irqInit)
c:/devkitPro/libgba/lib\libgba.a(InterruptDispatcher.o)
                              c:/devkitPro/libgba/lib\libgba.a(interrupt.o) (IntrMain)
c:/devkitpro/devkitarm/bin/../lib/gcc/arm-none-eabi/4.7.1/thumb\libgcc.a(_divsi3.o)
                              c:/devkitPro/libgba/lib\libgba.a(fade.o) (__aeabi_idiv)
c:/devkitpro/devkitarm/bin/../lib/gcc/arm-none-eabi/4.7.1/thumb\libgcc.a(_dvmd_tls.o)
                              c:/devkitpro/devkitarm/bin/../lib/gcc/arm-none-eabi/4.7.1/thumb\libgcc.a(_divsi3.o) (__aeabi_idiv0)
c:/devkitpro/devkitarm/bin/../lib/gcc/arm-none-eabi/4.7.1/../../../../arm-none-eabi/lib/thumb\libg.a(lib_a-init.o)
                              c:/devkitpro/devkitarm/bin/../lib/gcc/arm-none-eabi/4.7.1/../../../../arm-none-eabi/lib/thumb/gba_crt0.o (__libc_init_array)
c:/devkitpro/devkitarm/bin/../lib/gcc/arm-none-eabi/4.7.1/../../../../arm-none-eabi/lib/thumb\libg.a(lib_a-malloc.o)
                              main.o (malloc)
c:/devkitpro/devkitarm/bin/../lib/gcc/arm-none-eabi/4.7.1/../../../../arm-none-eabi/lib/thumb\libg.a(lib_a-mallocr.o)
                              c:/devkitpro/devkitarm/bin/../lib/gcc/arm-none-eabi/4.7.1/../../../../arm-none-eabi/lib/thumb\libg.a(lib_a-malloc.o) (_malloc_r)
c:/devkitpro/devkitarm/bin/../lib/gcc/arm-none-eabi/4.7.1/../../../../arm-none-eabi/lib/thumb\libg.a(lib_a-mlock.o)
                              c:/devkitpro/devkitarm/bin/../lib/gcc/arm-none-eabi/4.7.1/../../../../arm-none-eabi/lib/thumb\libg.a(lib_a-mallocr.o) (__malloc_lock)
c:/devkitpro/devkitarm/bin/../lib/gcc/arm-none-eabi/4.7.1/../../../../arm-none-eabi/lib/thumb\libg.a(lib_a-freer.o)
                              c:/devkitpro/devkitarm/bin/../lib/gcc/arm-none-eabi/4.7.1/../../../../arm-none-eabi/lib/thumb\libg.a(lib_a-malloc.o) (_free_r)
c:/devkitpro/devkitarm/bin/../lib/gcc/arm-none-eabi/4.7.1/../../../../arm-none-eabi/lib/thumb\libg.a(lib_a-impure.o)
                              c:/devkitpro/devkitarm/bin/../lib/gcc/arm-none-eabi/4.7.1/../../../../arm-none-eabi/lib/thumb\libg.a(lib_a-malloc.o) (_impure_ptr)
c:/devkitpro/devkitarm/bin/../lib/gcc/arm-none-eabi/4.7.1/../../../../arm-none-eabi/lib/thumb\libsysbase.a(sbrk.o)
                              c:/devkitpro/devkitarm/bin/../lib/gcc/arm-none-eabi/4.7.1/../../../../arm-none-eabi/lib/thumb\libg.a(lib_a-mallocr.o) (_sbrk_r)
c:/devkitpro/devkitarm/bin/../lib/gcc/arm-none-eabi/4.7.1/../../../../arm-none-eabi/lib/thumb\libsysbase.a(malloc_vars.o)
                              c:/devkitpro/devkitarm/bin/../lib/gcc/arm-none-eabi/4.7.1/../../../../arm-none-eabi/lib/thumb\libsysbase.a(sbrk.o) (fake_heap_start)

Allocating common symbols
Common symbol       size              file

IntrTable           0x78              c:/devkitPro/libgba/lib\libgba.a(interrupt.o)

Memory Configuration

Name             Origin             Length             Attributes
rom              0x08000000         0x02000000
iwram            0x03000000         0x00008000
ewram            0x02000000         0x00040000
*default*        0x00000000         0xffffffff

Linker script and memory map

                0x08000000                __text_start = ORIGIN (rom)
                0x02040000                __eheap_end = (ORIGIN (ewram) + 0x40000)
                0x03000000                __iwram_start = ORIGIN (iwram)
                0x03008000                __iwram_top = (ORIGIN (iwram) + 0x8000)
                0x03007fa0                __sp_irq = (__iwram_top - 0x60)
                0x03007f00                __sp_usr = (__sp_irq - 0xa0)
                0x03007ff8                __irq_flags = 0x3007ff8
                0x08000000                . = __text_start

.init           0x08000000      0x21c
 *(.init)
 .init          0x08000000      0x210 c:/devkitpro/devkitarm/bin/../lib/gcc/arm-none-eabi/4.7.1/../../../../arm-none-eabi/lib/thumb/gba_crt0.o
                0x08000000                _start
                0x080000c4                __boot_method
                0x080000c5                __slave_number
                0x080000e0                start_vector
 .init          0x08000210        0x4 c:/devkitpro/devkitarm/bin/../lib/gcc/arm-none-eabi/4.7.1/thumb/crti.o
                0x08000210                _init
 .init          0x08000214        0x8 c:/devkitpro/devkitarm/bin/../lib/gcc/arm-none-eabi/4.7.1/thumb/crtn.o
                0x0800021c                . = ALIGN (0x4)

.plt            0x0800021c        0x0
 *(.plt)
                0x0800021c                . = ALIGN (0x4)

.text           0x08645e20     0x1118
 *(EXCLUDE_FILE(*.iwram*) .text)
 .text          0x08645e20        0x0 c:/devkitpro/devkitarm/bin/../lib/gcc/arm-none-eabi/4.7.1/../../../../arm-none-eabi/lib/thumb/gba_crt0.o
 .text          0x08645e20        0x0 c:/devkitpro/devkitarm/bin/../lib/gcc/arm-none-eabi/4.7.1/thumb/crti.o
 .text          0x08645e20       0xd0 c:/devkitpro/devkitarm/bin/../lib/gcc/arm-none-eabi/4.7.1/thumb/crtbegin.o
 .text          0x08645ef0        0x0 part_one.o
 .text          0x08645ef0        0x0 part_two.o
 .text          0x08645ef0        0x0 main.o
 .text          0x08645ef0       0x24 c:/devkitPro/libgba/lib\libgba.a(Compression.o)
                0x08645ef0                BitUnPack
                0x08645ef4                LZ77UnCompWram
                0x08645ef8                LZ77UnCompVram
                0x08645efc                HuffUnComp
                0x08645f00                RLUnCompWram
                0x08645f04                RLUnCompVram
                0x08645f08                Diff8bitUnFilterWram
                0x08645f0c                Diff8bitUnFilterVram
                0x08645f10                Diff16bitUnFilter
 .text          0x08645f14      0x28c c:/devkitPro/libgba/lib\libgba.a(fade.o)
                0x08645f14                SetPalette
                0x08645f30                FadeToGrayScale
                0x08646054                FadeToPalette
 .text          0x086461a0      0x2b8 c:/devkitPro/libgba/lib\libgba.a(interrupt.o)
                0x086461a0                dummy
                0x086461a4                InitInterrupt
                0x08646200                irqInit
                0x0864625c                SetInterrupt
                0x086462a0                irqSet
                0x086462e4                irqEnable
                0x08646344                irqDisable
                0x086463a0                EnableInterrupt
                0x086463fc                DisableInterrupt
 .text          0x08646458        0x0 c:/devkitPro/libgba/lib\libgba.a(InterruptDispatcher.o)
 .text          0x08646458      0x150 c:/devkitpro/devkitarm/bin/../lib/gcc/arm-none-eabi/4.7.1/thumb\libgcc.a(_divsi3.o)
                0x08646458                __divsi3
                0x08646458                __aeabi_idiv
                0x08646588                __aeabi_idivmod
 .text          0x086465a8        0x4 c:/devkitpro/devkitarm/bin/../lib/gcc/arm-none-eabi/4.7.1/thumb\libgcc.a(_dvmd_tls.o)
                0x086465a8                __aeabi_idiv0
                0x086465a8                __aeabi_ldiv0
 .text          0x086465ac       0x54 c:/devkitpro/devkitarm/bin/../lib/gcc/arm-none-eabi/4.7.1/../../../../arm-none-eabi/lib/thumb\libg.a(lib_a-init.o)
                0x086465ac                __libc_init_array
 .text          0x08646600       0x30 c:/devkitpro/devkitarm/bin/../lib/gcc/arm-none-eabi/4.7.1/../../../../arm-none-eabi/lib/thumb\libg.a(lib_a-malloc.o)
                0x08646600                malloc
                0x08646618                free
 .text          0x08646630      0x51c c:/devkitpro/devkitarm/bin/../lib/gcc/arm-none-eabi/4.7.1/../../../../arm-none-eabi/lib/thumb\libg.a(lib_a-mallocr.o)
                0x08646630                _malloc_r
 .text          0x08646b4c        0x8 c:/devkitpro/devkitarm/bin/../lib/gcc/arm-none-eabi/4.7.1/../../../../arm-none-eabi/lib/thumb\libg.a(lib_a-mlock.o)
                0x08646b4c                __malloc_lock
                0x08646b50                __malloc_unlock
 .text          0x08646b54      0x238 c:/devkitpro/devkitarm/bin/../lib/gcc/arm-none-eabi/4.7.1/../../../../arm-none-eabi/lib/thumb\libg.a(lib_a-freer.o)
                0x08646b54                _malloc_trim_r
                0x08646bf8                _free_r
 .text          0x08646d8c        0x0 c:/devkitpro/devkitarm/bin/../lib/gcc/arm-none-eabi/4.7.1/../../../../arm-none-eabi/lib/thumb\libg.a(lib_a-impure.o)
 .text          0x08646d8c       0x54 c:/devkitpro/devkitarm/bin/../lib/gcc/arm-none-eabi/4.7.1/../../../../arm-none-eabi/lib/thumb\libsysbase.a(sbrk.o)
                0x08646d8c                _sbrk_r
 .text          0x08646de0        0x0 c:/devkitpro/devkitarm/bin/../lib/gcc/arm-none-eabi/4.7.1/../../../../arm-none-eabi/lib/thumb\libsysbase.a(malloc_vars.o)
 .text          0x08646de0        0x0 c:/devkitpro/devkitarm/bin/../lib/gcc/arm-none-eabi/4.7.1/thumb/crtend.o
 .text          0x08646de0        0x0 c:/devkitpro/devkitarm/bin/../lib/gcc/arm-none-eabi/4.7.1/thumb/crtn.o
 *(.text .stub .text.* .gnu.linkonce.t.*)
 .text.startup  0x08646de0      0x12c main.o
                0x08646de0                main
 *fill*         0x08646f0c        0x4 ff
 .text.startup.stub
                0x08646f10       0x24 linker stubs
 *(.text.*personality*)
 *(.gnu.warning)
 *(.glue_7t)
 .glue_7t       0x00000000        0x0 linker stubs
 *(.glue_7)
 .glue_7        0x00000000        0x0 linker stubs
 *(.vfp11_veneer)
 .vfp11_veneer  0x00000000        0x0 linker stubs
                0x08646f34                . = ALIGN (0x4)
                0x08646f34                __text_end = .

.v4_bx          0x08646f38        0x0
 .v4_bx         0x00000000        0x0 linker stubs

.iplt           0x08646f38        0x0
 .iplt          0x00000000        0x0 c:/devkitpro/devkitarm/bin/../lib/gcc/arm-none-eabi/4.7.1/../../../../arm-none-eabi/lib/thumb/gba_crt0.o

.fini           0x08646f38        0xc
 *(.fini)
 .fini          0x08646f38        0x4 c:/devkitpro/devkitarm/bin/../lib/gcc/arm-none-eabi/4.7.1/thumb/crti.o
                0x08646f38                _fini
 .fini          0x08646f3c        0x8 c:/devkitpro/devkitarm/bin/../lib/gcc/arm-none-eabi/4.7.1/thumb/crtn.o
                0x08646f44                . = ALIGN (0x4)

.rodata         0x08646f44     0x4f78
 *(.rodata)
 .rodata        0x08646f44     0x2bf8 part_one.o
                0x08646f44                part_one_bin
                0x08649b36                part_one_bin_end
                0x08649b38                part_one_bin_size
 .rodata        0x08649b3c     0x2378 part_two.o
                0x08649b3c                part_two_bin
                0x0864beae                part_two_bin_end
                0x0864beb0                part_two_bin_size
 .rodata        0x0864beb4        0x4 c:/devkitpro/devkitarm/bin/../lib/gcc/arm-none-eabi/4.7.1/../../../../arm-none-eabi/lib/thumb\libg.a(lib_a-impure.o)
                0x0864beb4                _global_impure_ptr
 *all.rodata*(*)
 *(.roda)
 *(.rodata.*)
 .rodata.str1.4
                0x0864beb8        0x4 c:/devkitpro/devkitarm/bin/../lib/gcc/arm-none-eabi/4.7.1/../../../../arm-none-eabi/lib/thumb\libg.a(lib_a-impure.o)
 *(.gnu.linkonce.r*)
                0x0864bebc                . = ALIGN (0x4)

.ARM.extab
 *(.ARM.extab* .gnu.linkonce.armextab.*)
                0x0864bebc                __exidx_start = .

.ARM.exidx
 *(.ARM.exidx* .gnu.linkonce.armexidx.*)
                0x0864bebc                __exidx_end = .

.ctors          0x0864bebc        0x0
 *crtbegin.o(.ctors)
 *(EXCLUDE_FILE(*crtend.o) .ctors)
 *(SORT(.ctors.*))
 *(.ctors)
                0x0864bebc                . = ALIGN (0x4)

.dtors          0x0864bebc        0x0
 *crtbegin.o(.dtors)
 *(EXCLUDE_FILE(*crtend.o) .dtors)
 *(SORT(.dtors.*))
 *(.dtors)
                0x0864bebc                . = ALIGN (0x4)

.eh_frame       0x0864bebc        0x4
 *(.eh_frame)
 .eh_frame      0x0864bebc        0x0 c:/devkitpro/devkitarm/bin/../lib/gcc/arm-none-eabi/4.7.1/thumb/crtbegin.o
 .eh_frame      0x0864bebc        0x4 c:/devkitpro/devkitarm/bin/../lib/gcc/arm-none-eabi/4.7.1/thumb/crtend.o
                0x0864bec0                . = ALIGN (0x4)

.gcc_except_table
                0x0864bec0        0x0
 *(.gcc_except_table)
                0x0864bec0                . = ALIGN (0x4)
                0x0864bec0                __iwram_lma = .

.iwram          0x03000000       0xb8 load address 0x0864bec0
                0x03000000                __iwram_start__ = ABSOLUTE (.)
 *(.iwram)
 .iwram         0x03000000       0xb8 c:/devkitPro/libgba/lib\libgba.a(InterruptDispatcher.o)
                0x03000000                IntrMain
 *iwram.*(.text)
                0x030000b8                . = ALIGN (0x4)
                0x030000b8                __iwram_end__ = ABSOLUTE (.)
                0x0864bf78                __data_lma = (__iwram_lma + SIZEOF (.iwram))

.rel.dyn        0x030000b8        0x0 load address 0x0864bf78
 .rel.iplt      0x00000000        0x0 c:/devkitpro/devkitarm/bin/../lib/gcc/arm-none-eabi/4.7.1/../../../../arm-none-eabi/lib/thumb/gba_crt0.o

.bss            0x030000b8       0xd4
                0x030000b8                __bss_start = ABSOLUTE (.)
                0x030000b8                __bss_start__ = ABSOLUTE (.)
 *(.dynbss)
 *(.gnu.linkonce.b*)
 *(.bss*)
 .bss           0x030000b8        0x0 c:/devkitpro/devkitarm/bin/../lib/gcc/arm-none-eabi/4.7.1/../../../../arm-none-eabi/lib/thumb/gba_crt0.o
 .bss           0x030000b8        0x0 c:/devkitpro/devkitarm/bin/../lib/gcc/arm-none-eabi/4.7.1/thumb/crti.o
 .bss           0x030000b8       0x1c c:/devkitpro/devkitarm/bin/../lib/gcc/arm-none-eabi/4.7.1/thumb/crtbegin.o
 .bss           0x030000d4        0x0 part_one.o
 .bss           0x030000d4        0x0 part_two.o
 .bss           0x030000d4        0x0 main.o
 .bss           0x030000d4        0x0 c:/devkitPro/libgba/lib\libgba.a(Compression.o)
 .bss           0x030000d4        0x0 c:/devkitPro/libgba/lib\libgba.a(fade.o)
 .bss           0x030000d4        0x0 c:/devkitPro/libgba/lib\libgba.a(interrupt.o)
 .bss           0x030000d4        0x0 c:/devkitPro/libgba/lib\libgba.a(InterruptDispatcher.o)
 .bss           0x030000d4        0x0 c:/devkitpro/devkitarm/bin/../lib/gcc/arm-none-eabi/4.7.1/thumb\libgcc.a(_divsi3.o)
 .bss           0x030000d4        0x0 c:/devkitpro/devkitarm/bin/../lib/gcc/arm-none-eabi/4.7.1/thumb\libgcc.a(_dvmd_tls.o)
 .bss           0x030000d4        0x0 c:/devkitpro/devkitarm/bin/../lib/gcc/arm-none-eabi/4.7.1/../../../../arm-none-eabi/lib/thumb\libg.a(lib_a-init.o)
 .bss           0x030000d4        0x0 c:/devkitpro/devkitarm/bin/../lib/gcc/arm-none-eabi/4.7.1/../../../../arm-none-eabi/lib/thumb\libg.a(lib_a-malloc.o)
 .bss           0x030000d4       0x34 c:/devkitpro/devkitarm/bin/../lib/gcc/arm-none-eabi/4.7.1/../../../../arm-none-eabi/lib/thumb\libg.a(lib_a-mallocr.o)
                0x030000d4                __malloc_top_pad
                0x030000d8                __malloc_current_mallinfo
                0x03000100                __malloc_max_sbrked_mem
                0x03000104                __malloc_max_total_mem
 .bss           0x03000108        0x0 c:/devkitpro/devkitarm/bin/../lib/gcc/arm-none-eabi/4.7.1/../../../../arm-none-eabi/lib/thumb\libg.a(lib_a-mlock.o)
 .bss           0x03000108        0x0 c:/devkitpro/devkitarm/bin/../lib/gcc/arm-none-eabi/4.7.1/../../../../arm-none-eabi/lib/thumb\libg.a(lib_a-freer.o)
 .bss           0x03000108        0x0 c:/devkitpro/devkitarm/bin/../lib/gcc/arm-none-eabi/4.7.1/../../../../arm-none-eabi/lib/thumb\libg.a(lib_a-impure.o)
 .bss           0x03000108        0x4 c:/devkitpro/devkitarm/bin/../lib/gcc/arm-none-eabi/4.7.1/../../../../arm-none-eabi/lib/thumb\libsysbase.a(sbrk.o)
 .bss           0x0300010c        0x8 c:/devkitpro/devkitarm/bin/../lib/gcc/arm-none-eabi/4.7.1/../../../../arm-none-eabi/lib/thumb\libsysbase.a(malloc_vars.o)
                0x0300010c                fake_heap_start
                0x03000110                fake_heap_end
 .bss           0x03000114        0x0 c:/devkitpro/devkitarm/bin/../lib/gcc/arm-none-eabi/4.7.1/thumb/crtend.o
 .bss           0x03000114        0x0 c:/devkitpro/devkitarm/bin/../lib/gcc/arm-none-eabi/4.7.1/thumb/crtn.o
 *(COMMON)
 COMMON         0x03000114       0x78 c:/devkitPro/libgba/lib\libgba.a(interrupt.o)
                0x03000114                IntrTable
                0x0300018c                . = ALIGN (0x4)
                0x0300018c                __bss_end__ = ABSOLUTE (.)

.data           0x0300018c      0x844 load address 0x0864bf78
                0x0300018c                __data_start__ = ABSOLUTE (.)
 *(.data)
 .data          0x0300018c        0x0 c:/devkitpro/devkitarm/bin/../lib/gcc/arm-none-eabi/4.7.1/../../../../arm-none-eabi/lib/thumb/gba_crt0.o
 .data          0x0300018c        0x0 c:/devkitpro/devkitarm/bin/../lib/gcc/arm-none-eabi/4.7.1/thumb/crti.o
 .data          0x0300018c        0x4 c:/devkitpro/devkitarm/bin/../lib/gcc/arm-none-eabi/4.7.1/thumb/crtbegin.o
                0x0300018c                __dso_handle
 .data          0x03000190        0x0 part_one.o
 .data          0x03000190        0x0 part_two.o
 .data          0x03000190        0x0 main.o
 .data          0x03000190        0x0 c:/devkitPro/libgba/lib\libgba.a(Compression.o)
 .data          0x03000190        0x0 c:/devkitPro/libgba/lib\libgba.a(fade.o)
 .data          0x03000190        0x0 c:/devkitPro/libgba/lib\libgba.a(interrupt.o)
 .data          0x03000190        0x0 c:/devkitPro/libgba/lib\libgba.a(InterruptDispatcher.o)
 .data          0x03000190        0x0 c:/devkitpro/devkitarm/bin/../lib/gcc/arm-none-eabi/4.7.1/thumb\libgcc.a(_divsi3.o)
 .data          0x03000190        0x0 c:/devkitpro/devkitarm/bin/../lib/gcc/arm-none-eabi/4.7.1/thumb\libgcc.a(_dvmd_tls.o)
 .data          0x03000190        0x0 c:/devkitpro/devkitarm/bin/../lib/gcc/arm-none-eabi/4.7.1/../../../../arm-none-eabi/lib/thumb\libg.a(lib_a-init.o)
 .data          0x03000190        0x0 c:/devkitpro/devkitarm/bin/../lib/gcc/arm-none-eabi/4.7.1/../../../../arm-none-eabi/lib/thumb\libg.a(lib_a-malloc.o)
 .data          0x03000190      0x410 c:/devkitpro/devkitarm/bin/../lib/gcc/arm-none-eabi/4.7.1/../../../../arm-none-eabi/lib/thumb\libg.a(lib_a-mallocr.o)
                0x03000190                __malloc_av_
                0x03000598                __malloc_sbrk_base
                0x0300059c                __malloc_trim_threshold
 .data          0x030005a0        0x0 c:/devkitpro/devkitarm/bin/../lib/gcc/arm-none-eabi/4.7.1/../../../../arm-none-eabi/lib/thumb\libg.a(lib_a-mlock.o)
 .data          0x030005a0        0x0 c:/devkitpro/devkitarm/bin/../lib/gcc/arm-none-eabi/4.7.1/../../../../arm-none-eabi/lib/thumb\libg.a(lib_a-freer.o)
 .data          0x030005a0      0x430 c:/devkitpro/devkitarm/bin/../lib/gcc/arm-none-eabi/4.7.1/../../../../arm-none-eabi/lib/thumb\libg.a(lib_a-impure.o)
                0x030005a0                _impure_ptr
 .data          0x030009d0        0x0 c:/devkitpro/devkitarm/bin/../lib/gcc/arm-none-eabi/4.7.1/../../../../arm-none-eabi/lib/thumb\libsysbase.a(sbrk.o)
 .data          0x030009d0        0x0 c:/devkitpro/devkitarm/bin/../lib/gcc/arm-none-eabi/4.7.1/../../../../arm-none-eabi/lib/thumb\libsysbase.a(malloc_vars.o)
 .data          0x030009d0        0x0 c:/devkitpro/devkitarm/bin/../lib/gcc/arm-none-eabi/4.7.1/thumb/crtend.o
 .data          0x030009d0        0x0 c:/devkitpro/devkitarm/bin/../lib/gcc/arm-none-eabi/4.7.1/thumb/crtn.o
 *(.data.*)
 *(.gnu.linkonce.d*)
                0x030009d0                . = ALIGN (0x4)
                0x0864c7bc                __preinit_lma = (__data_lma + SIZEOF (.data))

.igot.plt       0x030009d0        0x0 load address 0x0864c7bc
 .igot.plt      0x00000000        0x0 c:/devkitpro/devkitarm/bin/../lib/gcc/arm-none-eabi/4.7.1/../../../../arm-none-eabi/lib/thumb/gba_crt0.o

.tm_clone_table
                0x030009d0        0x0 load address 0x0864c7bc
 .tm_clone_table
                0x030009d0        0x0 c:/devkitpro/devkitarm/bin/../lib/gcc/arm-none-eabi/4.7.1/thumb/crtbegin.o
 .tm_clone_table
                0x030009d0        0x0 c:/devkitpro/devkitarm/bin/../lib/gcc/arm-none-eabi/4.7.1/thumb/crtend.o

.preinit_array  0x030009d0        0x0 load address 0x0864c7bc
                0x030009d0                __preinit_array_start = ABSOLUTE (.)
 *(.preinit_array)
                0x030009d0                __preinit_array_end = ABSOLUTE (.)
                0x0864c7bc                __init_lma = (__preinit_lma + SIZEOF (.preinit_array))

.init_array     0x030009d0        0x4 load address 0x0864c7bc
                0x030009d0                __init_array_start = ABSOLUTE (.)
 *(SORT(.init_array.*))
 *(.init_array)
 .init_array    0x030009d0        0x4 c:/devkitpro/devkitarm/bin/../lib/gcc/arm-none-eabi/4.7.1/thumb/crtbegin.o
                0x030009d4                __init_array_end = ABSOLUTE (.)
                0x0864c7c0                __fini_lma = (__init_lma + SIZEOF (.init_array))

.fini_array     0x030009d4        0x4 load address 0x0864c7c0
                0x030009d4                __fini_array_start = ABSOLUTE (.)
 *(SORT(.fini_array.*))
 *(.fini_array)
 .fini_array    0x030009d4        0x4 c:/devkitpro/devkitarm/bin/../lib/gcc/arm-none-eabi/4.7.1/thumb/crtbegin.o
                0x030009d8                __fini_array_end = ABSOLUTE (.)
                0x0864c7c4                __jcr_lma = (__fini_lma + SIZEOF (.fini_array))

.jcr            0x030009d8        0x4 load address 0x0864c7c4
 *(.jcr)
 .jcr           0x030009d8        0x0 c:/devkitpro/devkitarm/bin/../lib/gcc/arm-none-eabi/4.7.1/thumb/crtbegin.o
 .jcr           0x030009d8        0x4 c:/devkitpro/devkitarm/bin/../lib/gcc/arm-none-eabi/4.7.1/thumb/crtend.o
                0x030009dc                __data_end__ = ABSOLUTE (.)
                0x0864c7c8                __iwram_overlay_lma = (__jcr_lma + SIZEOF (.jcr))
                0x030009dc                __iwram_overlay_start = .

.iwram0         0x030009dc        0x0 load address 0x0864c7c8
 *(.iwram0)
                0x030009dc                . = ALIGN (0x4)
                0x0864c7c8                PROVIDE (__load_start_iwram0, LOADADDR (.iwram0))
                0x0864c7c8                PROVIDE (__load_stop_iwram0, (LOADADDR (.iwram0) + SIZEOF (.iwram0)))

.iwram1         0x030009dc        0x0
 *(.iwram1)
                0x030009dc                . = ALIGN (0x4)
                0x030009dc                PROVIDE (__load_start_iwram1, LOADADDR (.iwram1))
                0x030009dc                PROVIDE (__load_stop_iwram1, (LOADADDR (.iwram1) + SIZEOF (.iwram1)))

.iwram2         0x030009dc        0x0
 *(.iwram2)
                0x030009dc                . = ALIGN (0x4)
                0x030009dc                PROVIDE (__load_start_iwram2, LOADADDR (.iwram2))
                0x030009dc                PROVIDE (__load_stop_iwram2, (LOADADDR (.iwram2) + SIZEOF (.iwram2)))

.iwram3         0x030009dc        0x0
 *(.iwram3)
                0x030009dc                . = ALIGN (0x4)
                0x030009dc                PROVIDE (__load_start_iwram3, LOADADDR (.iwram3))
                0x030009dc                PROVIDE (__load_stop_iwram3, (LOADADDR (.iwram3) + SIZEOF (.iwram3)))

.iwram4         0x030009dc        0x0
 *(.iwram4)
                0x030009dc                . = ALIGN (0x4)
                0x030009dc                PROVIDE (__load_start_iwram4, LOADADDR (.iwram4))
                0x030009dc                PROVIDE (__load_stop_iwram4, (LOADADDR (.iwram4) + SIZEOF (.iwram4)))

.iwram5         0x030009dc        0x0
 *(.iwram5)
                0x030009dc                . = ALIGN (0x4)
                0x030009dc                PROVIDE (__load_start_iwram5, LOADADDR (.iwram5))
                0x030009dc                PROVIDE (__load_stop_iwram5, (LOADADDR (.iwram5) + SIZEOF (.iwram5)))

.iwram6         0x030009dc        0x0
 *(.iwram6)
                0x030009dc                . = ALIGN (0x4)
                0x030009dc                PROVIDE (__load_start_iwram6, LOADADDR (.iwram6))
                0x030009dc                PROVIDE (__load_stop_iwram6, (LOADADDR (.iwram6) + SIZEOF (.iwram6)))

.iwram7         0x030009dc        0x0
 *(.iwram7)
                0x030009dc                . = ALIGN (0x4)
                0x030009dc                PROVIDE (__load_start_iwram7, LOADADDR (.iwram7))
                0x030009dc                PROVIDE (__load_stop_iwram7, (LOADADDR (.iwram7) + SIZEOF (.iwram7)))

.iwram8         0x030009dc        0x0
 *(.iwram8)
                0x030009dc                . = ALIGN (0x4)
                0x030009dc                PROVIDE (__load_start_iwram8, LOADADDR (.iwram8))
                0x030009dc                PROVIDE (__load_stop_iwram8, (LOADADDR (.iwram8) + SIZEOF (.iwram8)))

.iwram9         0x030009dc        0x0
 *(.iwram9)
                0x030009dc                . = ALIGN (0x4)
                0x030009dc                PROVIDE (__load_start_iwram9, LOADADDR (.iwram9))
                0x030009dc                PROVIDE (__load_stop_iwram9, (LOADADDR (.iwram9) + SIZEOF (.iwram9)))
                0x030009dc                __iwram_overlay_end = .
                0x0864c7c8                __ewram_lma = (__iwram_overlay_lma + (__iwram_overlay_end - __iwram_overlay_start))
                0x030009dc                __iheap_start = .
                0x02000000                __ewram_start = ORIGIN (ewram)

.ewram          0x02000000        0x0 load address 0x0864c7c8
 *(.ewram)
                0x02000000                . = ALIGN (0x4)
                0x02000000                __ewram_end = ABSOLUTE (.)
                0x0864c7c8                __pad_lma = (__ewram_lma + SIZEOF (.ewram))

.sbss           0x02000000     0x1c00
                0x02000000                __sbss_start__ = ABSOLUTE (.)
 *(.sbss)
 .sbss          0x02000000     0x1c00 c:/devkitPro/libgba/lib\libgba.a(fade.o)
                0x02000000                CurrentPalette
                0x02000400                FadeTable
                0x02001c00                . = ALIGN (0x4)
                0x02001c00                __sbss_end__ = ABSOLUTE (.)
                0x02001c00                __end__ = ABSOLUTE (.)
                0x02001c00                __eheap_start = ABSOLUTE (.)

.pad            0x02001c00        0x8 load address 0x0864c7c8
                0x02001c00        0x4 LONG 0x52416b64
                0x02001c04        0x4 LONG 0x4d
                0x02001c08                . = ALIGN (0x4)
                0x0864c7d0                __rom_end__ = (__pad_lma + SIZEOF (.pad))

.stab
 *(.stab)

.stabstr
 *(.stabstr)

.stab.excl
 *(.stab.excl)

.stab.exclstr
 *(.stab.exclstr)

.stab.index
 *(.stab.index)

.stab.indexstr
 *(.stab.indexstr)

.comment        0x00000000       0x8b
 *(.comment)
 .comment       0x00000000       0x22 c:/devkitpro/devkitarm/bin/../lib/gcc/arm-none-eabi/4.7.1/thumb/crtbegin.o
                                 0x23 (size before relaxing)
 .comment       0x00000000       0x23 main.o
 .comment       0x00000022       0x23 c:/devkitPro/libgba/lib\libgba.a(Compression.o)
 .comment       0x00000045       0x23 c:/devkitPro/libgba/lib\libgba.a(fade.o)
 .comment       0x00000068       0x23 c:/devkitPro/libgba/lib\libgba.a(interrupt.o)
 .comment       0x00000000       0x23 c:/devkitpro/devkitarm/bin/../lib/gcc/arm-none-eabi/4.7.1/../../../../arm-none-eabi/lib/thumb\libg.a(lib_a-init.o)
 .comment       0x00000000       0x23 c:/devkitpro/devkitarm/bin/../lib/gcc/arm-none-eabi/4.7.1/../../../../arm-none-eabi/lib/thumb\libg.a(lib_a-malloc.o)
 .comment       0x00000000       0x23 c:/devkitpro/devkitarm/bin/../lib/gcc/arm-none-eabi/4.7.1/../../../../arm-none-eabi/lib/thumb\libg.a(lib_a-mallocr.o)
 .comment       0x00000000       0x23 c:/devkitpro/devkitarm/bin/../lib/gcc/arm-none-eabi/4.7.1/../../../../arm-none-eabi/lib/thumb\libg.a(lib_a-mlock.o)
 .comment       0x00000000       0x23 c:/devkitpro/devkitarm/bin/../lib/gcc/arm-none-eabi/4.7.1/../../../../arm-none-eabi/lib/thumb\libg.a(lib_a-freer.o)
 .comment       0x00000000       0x23 c:/devkitpro/devkitarm/bin/../lib/gcc/arm-none-eabi/4.7.1/../../../../arm-none-eabi/lib/thumb\libg.a(lib_a-impure.o)
 .comment       0x00000000       0x23 c:/devkitpro/devkitarm/bin/../lib/gcc/arm-none-eabi/4.7.1/../../../../arm-none-eabi/lib/thumb\libsysbase.a(sbrk.o)
 .comment       0x00000000       0x23 c:/devkitpro/devkitarm/bin/../lib/gcc/arm-none-eabi/4.7.1/../../../../arm-none-eabi/lib/thumb\libsysbase.a(malloc_vars.o)
 .comment       0x00000000       0x23 c:/devkitpro/devkitarm/bin/../lib/gcc/arm-none-eabi/4.7.1/thumb/crtend.o

.debug
 *(.debug)

.line
 *(.line)

.debug_srcinfo
 *(.debug_srcinfo)

.debug_sfnames
 *(.debug_sfnames)

.debug_aranges  0x00000000       0xa0
 *(.debug_aranges)
 .debug_aranges
                0x00000000       0x20 main.o
 .debug_aranges
                0x00000020       0x20 c:/devkitPro/libgba/lib\libgba.a(Compression.o)
 .debug_aranges
                0x00000040       0x20 c:/devkitPro/libgba/lib\libgba.a(fade.o)
 .debug_aranges
                0x00000060       0x20 c:/devkitPro/libgba/lib\libgba.a(interrupt.o)
 .debug_aranges
                0x00000080       0x20 c:/devkitPro/libgba/lib\libgba.a(InterruptDispatcher.o)

.debug_pubnames
                0x00000000      0x1d1
 *(.debug_pubnames)
 .debug_pubnames
                0x00000000       0xbf c:/devkitPro/libgba/lib\libgba.a(Compression.o)
 .debug_pubnames
                0x000000bf       0x68 c:/devkitPro/libgba/lib\libgba.a(fade.o)
 .debug_pubnames
                0x00000127       0xaa c:/devkitPro/libgba/lib\libgba.a(interrupt.o)

.debug_info     0x00000000     0x10fb
 *(.debug_info)
 .debug_info    0x00000000      0x539 main.o
 .debug_info    0x00000539      0x2c5 c:/devkitPro/libgba/lib\libgba.a(Compression.o)
 .debug_info    0x000007fe      0x4dd c:/devkitPro/libgba/lib\libgba.a(fade.o)
 .debug_info    0x00000cdb      0x38c c:/devkitPro/libgba/lib\libgba.a(interrupt.o)
 .debug_info    0x00001067       0x94 c:/devkitPro/libgba/lib\libgba.a(InterruptDispatcher.o)

.debug_abbrev   0x00000000      0x626
 *(.debug_abbrev)
 .debug_abbrev  0x00000000      0x1d9 main.o
 .debug_abbrev  0x000001d9       0xc0 c:/devkitPro/libgba/lib\libgba.a(Compression.o)
 .debug_abbrev  0x00000299      0x19b c:/devkitPro/libgba/lib\libgba.a(fade.o)
 .debug_abbrev  0x00000434      0x1de c:/devkitPro/libgba/lib\libgba.a(interrupt.o)
 .debug_abbrev  0x00000612       0x14 c:/devkitPro/libgba/lib\libgba.a(InterruptDispatcher.o)

.debug_line     0x00000000      0x717
 *(.debug_line)
 .debug_line    0x00000000      0x28f main.o
 .debug_line    0x0000028f       0xd5 c:/devkitPro/libgba/lib\libgba.a(Compression.o)
 .debug_line    0x00000364      0x1b2 c:/devkitPro/libgba/lib\libgba.a(fade.o)
 .debug_line    0x00000516      0x165 c:/devkitPro/libgba/lib\libgba.a(interrupt.o)
 .debug_line    0x0000067b       0x9c c:/devkitPro/libgba/lib\libgba.a(InterruptDispatcher.o)

.debug_frame    0x00000000      0x234
 *(.debug_frame)
 .debug_frame   0x00000000       0x3c main.o
 .debug_frame   0x0000003c       0xa0 c:/devkitPro/libgba/lib\libgba.a(Compression.o)
 .debug_frame   0x000000dc       0x80 c:/devkitPro/libgba/lib\libgba.a(fade.o)
 .debug_frame   0x0000015c       0xd8 c:/devkitPro/libgba/lib\libgba.a(interrupt.o)

.debug_str      0x00000000      0x5c0
 *(.debug_str)
 .debug_str     0x00000000      0x308 main.o
                                0x341 (size before relaxing)
 .debug_str     0x00000308       0xf5 c:/devkitPro/libgba/lib\libgba.a(Compression.o)
                                0x154 (size before relaxing)
 .debug_str     0x000003fd       0xb1 c:/devkitPro/libgba/lib\libgba.a(fade.o)
                                0x13b (size before relaxing)
 .debug_str     0x000004ae      0x112 c:/devkitPro/libgba/lib\libgba.a(interrupt.o)
                                0x210 (size before relaxing)

.debug_loc      0x00000000      0x7e7
 *(.debug_loc)
 .debug_loc     0x00000000      0x116 main.o
 .debug_loc     0x00000116      0x169 c:/devkitPro/libgba/lib\libgba.a(Compression.o)
 .debug_loc     0x0000027f      0x3d4 c:/devkitPro/libgba/lib\libgba.a(fade.o)
 .debug_loc     0x00000653      0x194 c:/devkitPro/libgba/lib\libgba.a(interrupt.o)

.debug_macinfo
 *(.debug_macinfo)

.debug_weaknames
 *(.debug_weaknames)

.debug_funcnames
 *(.debug_funcnames)

.debug_typenames
 *(.debug_typenames)

.debug_varnames
 *(.debug_varnames)

.stack          0x00080000        0x0
                0x00080000                _stack = .
 *(.stack)

.note.gnu.arm.ident
 *(.note.gnu.arm.ident)

.ARM.attributes
                0x00000000       0x2b
 *(.ARM.attributes)
 .ARM.attributes
                0x00000000       0x18 c:/devkitpro/devkitarm/bin/../lib/gcc/arm-none-eabi/4.7.1/../../../../arm-none-eabi/lib/thumb/gba_crt0.o
 .ARM.attributes
                0x00000018       0x18 c:/devkitpro/devkitarm/bin/../lib/gcc/arm-none-eabi/4.7.1/thumb/crti.o
 .ARM.attributes
                0x00000030       0x32 c:/devkitpro/devkitarm/bin/../lib/gcc/arm-none-eabi/4.7.1/thumb/crtbegin.o
 .ARM.attributes
                0x00000062       0x16 part_one.o
 .ARM.attributes
                0x00000078       0x16 part_two.o
 .ARM.attributes
                0x0000008e       0x2e main.o
 .ARM.attributes
                0x000000bc       0x2e c:/devkitPro/libgba/lib\libgba.a(Compression.o)
 .ARM.attributes
                0x000000ea       0x2e c:/devkitPro/libgba/lib\libgba.a(fade.o)
 .ARM.attributes
                0x00000118       0x2e c:/devkitPro/libgba/lib\libgba.a(interrupt.o)
 .ARM.attributes
                0x00000146       0x1e c:/devkitPro/libgba/lib\libgba.a(InterruptDispatcher.o)
 .ARM.attributes
                0x00000164       0x1a c:/devkitpro/devkitarm/bin/../lib/gcc/arm-none-eabi/4.7.1/thumb\libgcc.a(_divsi3.o)
 .ARM.attributes
                0x0000017e       0x18 c:/devkitpro/devkitarm/bin/../lib/gcc/arm-none-eabi/4.7.1/thumb\libgcc.a(_dvmd_tls.o)
 .ARM.attributes
                0x00000196       0x32 c:/devkitpro/devkitarm/bin/../lib/gcc/arm-none-eabi/4.7.1/../../../../arm-none-eabi/lib/thumb\libg.a(lib_a-init.o)
 .ARM.attributes
                0x000001c8       0x32 c:/devkitpro/devkitarm/bin/../lib/gcc/arm-none-eabi/4.7.1/../../../../arm-none-eabi/lib/thumb\libg.a(lib_a-malloc.o)
 .ARM.attributes
                0x000001fa       0x32 c:/devkitpro/devkitarm/bin/../lib/gcc/arm-none-eabi/4.7.1/../../../../arm-none-eabi/lib/thumb\libg.a(lib_a-mallocr.o)
 .ARM.attributes
                0x0000022c       0x32 c:/devkitpro/devkitarm/bin/../lib/gcc/arm-none-eabi/4.7.1/../../../../arm-none-eabi/lib/thumb\libg.a(lib_a-mlock.o)
 .ARM.attributes
                0x0000025e       0x32 c:/devkitpro/devkitarm/bin/../lib/gcc/arm-none-eabi/4.7.1/../../../../arm-none-eabi/lib/thumb\libg.a(lib_a-freer.o)
 .ARM.attributes
                0x00000290       0x32 c:/devkitpro/devkitarm/bin/../lib/gcc/arm-none-eabi/4.7.1/../../../../arm-none-eabi/lib/thumb\libg.a(lib_a-impure.o)
 .ARM.attributes
                0x000002c2       0x32 c:/devkitpro/devkitarm/bin/../lib/gcc/arm-none-eabi/4.7.1/../../../../arm-none-eabi/lib/thumb\libsysbase.a(sbrk.o)
 .ARM.attributes
                0x000002f4       0x32 c:/devkitpro/devkitarm/bin/../lib/gcc/arm-none-eabi/4.7.1/../../../../arm-none-eabi/lib/thumb\libsysbase.a(malloc_vars.o)
 .ARM.attributes
                0x00000326       0x32 c:/devkitpro/devkitarm/bin/../lib/gcc/arm-none-eabi/4.7.1/thumb/crtend.o
 .ARM.attributes
                0x00000358       0x18 c:/devkitpro/devkitarm/bin/../lib/gcc/arm-none-eabi/4.7.1/thumb/crtn.o

/DISCARD/
 *(.note.GNU-stack)
LOAD c:/devkitpro/devkitarm/bin/../lib/gcc/arm-none-eabi/4.7.1/../../../../arm-none-eabi/lib/thumb/gba_crt0.o
LOAD c:/devkitpro/devkitarm/bin/../lib/gcc/arm-none-eabi/4.7.1/thumb/crti.o
LOAD c:/devkitpro/devkitarm/bin/../lib/gcc/arm-none-eabi/4.7.1/thumb/crtbegin.o
Address of section .text set to 0x8645e20
LOAD part_one.o
LOAD part_two.o
LOAD main.o
LOAD c:/devkitPro/libgba/lib\libgba.a
START GROUP
LOAD c:/devkitpro/devkitarm/bin/../lib/gcc/arm-none-eabi/4.7.1/thumb\libgcc.a
LOAD c:/devkitpro/devkitarm/bin/../lib/gcc/arm-none-eabi/4.7.1/../../../../arm-none-eabi/lib/thumb\libg.a
LOAD c:/devkitpro/devkitarm/bin/../lib/gcc/arm-none-eabi/4.7.1/../../../../arm-none-eabi/lib/thumb\libc.a
LOAD c:/devkitpro/devkitarm/bin/../lib/gcc/arm-none-eabi/4.7.1/../../../../arm-none-eabi/lib/thumb\libsysbase.a
END GROUP
LOAD c:/devkitpro/devkitarm/bin/../lib/gcc/arm-none-eabi/4.7.1/thumb/crtend.o
LOAD c:/devkitpro/devkitarm/bin/../lib/gcc/arm-none-eabi/4.7.1/thumb/crtn.o
OUTPUT(c:/Users/Hansen/Romhacking/Projetos/Intro/intro.elf elf32-littlearm)

.debug_ranges   0x00000000      0x1b8
 .debug_ranges  0x00000000       0xa0 main.o
 .debug_ranges  0x000000a0       0xb8 c:/devkitPro/libgba/lib\libgba.a(fade.o)
 .debug_ranges  0x00000158       0x60 c:/devkitPro/libgba/lib\libgba.a(interrupt.o)
